// Jest Snapshot v1, https://goo.gl/fbAQLP

exports[`Set Password renders forgot password 1`] = `
Object {
  "asFragment": [Function],
  "baseElement": <body>
    <div>
      <div
        class="authLayout"
      >
        <header
          class="MuiPaper-root MuiPaper-elevation MuiPaper-elevation4 MuiAppBar-root MuiAppBar-colorPrimary MuiAppBar-positionFixed mui-fixed css-wzn3iz-MuiPaper-root-MuiAppBar-root"
        >
          <div
            class="MuiContainer-root MuiContainer-maxWidthXl css-19r6kue-MuiContainer-root"
          >
            <div
              class="MuiToolbar-root MuiToolbar-regular css-r6ewbb-MuiToolbar-root"
            >
              <span
                style="box-sizing: border-box; display: inline-block; overflow: hidden; background: none; opacity: 1; border: 0px; margin: 0px; padding: 0px; position: relative; max-width: 100%;"
              >
                <span
                  style="box-sizing: border-box; display: block; background: none; opacity: 1; border: 0px; margin: 0px; padding: 0px; max-width: 100%;"
                >
                  <img
                    alt=""
                    aria-hidden="true"
                    src="data:image/svg+xml,%3csvg%20xmlns=%27http://www.w3.org/2000/svg%27%20version=%271.1%27%20width=%27124%27%20height=%2736%27/%3e"
                    style="display: block; max-width: 100%; background: none; opacity: 1; border: 0px; margin: 0px; padding: 0px;"
                  />
                </span>
                <img
                  aria-label="Clarkson Eyecare logo"
                  data-nimg="intrinsic"
                  decoding="async"
                  role="img"
                  src="data:image/gif;base64,R0lGODlhAQABAIAAAAAAAP///yH5BAEAAAAALAAAAAABAAEAAAIBRAA7"
                  style="position: absolute; top: 0px; left: 0px; bottom: 0px; right: 0px; box-sizing: border-box; padding: 0px; margin: auto; display: block; width: 0px; height: 0px; min-width: 100%; max-width: 100%; min-height: 100%; max-height: 100%;"
                  tabindex="0"
                />
                <noscript />
              </span>
            </div>
          </div>
        </header>
        <div
          class="authContainer"
        >
          <div
            class="authComponentContainer MuiBox-root css-1h4hxqr"
          >
            <div
              class="containerPage MuiBox-root css-0"
            >
              <div
                class="MuiPaper-root MuiPaper-elevation MuiPaper-rounded MuiPaper-elevation1 MuiCard-root container css-2q77k0-MuiPaper-root-MuiCard-root"
              >
                <div
                  class="MuiCardContent-root css-46bh2p-MuiCardContent-root"
                  style="display: flex; flex-direction: column; padding: 0px; margin-top: 0px;"
                >
                  <h2
                    aria-label="Set Password"
                    aria-roledescription=""
                    class="MuiTypography-root MuiTypography-h2 css-sk8vt3-MuiTypography-root"
                    role="heading"
                  >
                    Set Password
                  </h2>
                  <h4
                    class="MuiTypography-root MuiTypography-h4 css-1takd7b-MuiTypography-root"
                  >
                    Enter a password to setup your account.
                  </h4>
                  <div />
                  <form
                    style="display: grid; margin-top: 8px;"
                  >
                    <div
                      class="MuiFormControl-root MuiTextField-root custom-input css-1xbhe5v-MuiFormControl-root-MuiTextField-root"
                      tabindex="0"
                      withicon="true"
                    >
                      <label
                        class="MuiInputLabel-root MuiInputLabel-formControl MuiInputLabel-animated MuiInputLabel-sizeSmall MuiInputLabel-filled MuiFormLabel-root MuiFormLabel-colorPrimary Mui-disabled css-pl8awd-MuiFormLabel-root-MuiInputLabel-root"
                        data-shrink="false"
                        for="username"
                        id="username-label"
                      >
                        Username
                      </label>
                      <div
                        class="MuiFilledInput-root MuiInputBase-root MuiInputBase-colorPrimary Mui-disabled MuiInputBase-formControl MuiInputBase-sizeSmall css-jq7ton-MuiInputBase-root-MuiFilledInput-root"
                      >
                        <input
                          aria-invalid="false"
                          class="MuiFilledInput-input MuiInputBase-input Mui-disabled MuiInputBase-inputSizeSmall css-c5v1qu-MuiInputBase-input-MuiFilledInput-input"
                          disabled=""
                          id="username"
                          placeholder=""
                          type="text"
                          value=""
                        />
                      </div>
                    </div>
                    <div
                      class="MuiFormControl-root css-1c2vtuz-MuiFormControl-root"
                    >
                      <div
                        class="MuiFormControl-root MuiTextField-root css-1s8lirf-MuiFormControl-root-MuiTextField-root"
                        customevent="[object Object]"
                      >
                        <label
                          class="MuiInputLabel-root MuiInputLabel-formControl MuiInputLabel-animated MuiInputLabel-filled MuiFormLabel-root MuiFormLabel-colorPrimary css-1suhfmo-MuiFormLabel-root-MuiInputLabel-root"
                          data-shrink="false"
                          for="password"
                          id="password-label"
                        >
                          Password
                        </label>
                        <div
                          class="MuiFilledInput-root MuiInputBase-root MuiInputBase-colorPrimary MuiInputBase-formControl MuiInputBase-adornedEnd css-v0xomr-MuiInputBase-root-MuiFilledInput-root"
                        >
                          <input
                            aria-invalid="false"
                            class="MuiFilledInput-input MuiInputBase-input MuiInputBase-inputAdornedEnd css-1gctnaj-MuiInputBase-input-MuiFilledInput-input"
                            id="password"
                            placeholder=""
                            type="password"
                            value=""
                          />
                          <div
                            class="MuiInputAdornment-root MuiInputAdornment-positionEnd MuiInputAdornment-filled MuiInputAdornment-sizeMedium css-jv61v3-MuiInputAdornment-root"
                          >
                            <button
                              aria-label="Password unhide icon"
                              class="MuiButtonBase-root MuiIconButton-root MuiIconButton-edgeEnd MuiIconButton-sizeMedium css-1yq5fb3-MuiButtonBase-root-MuiIconButton-root"
                              data-mui-internal-clone-element="true"
                              tabindex="0"
                              type="button"
                            >
                              <svg
                                aria-hidden="true"
                                class="MuiSvgIcon-root MuiSvgIcon-fontSizeMedium css-vun3p6-MuiSvgIcon-root"
                                data-testid="VisibilityOffOutlinedIcon"
                                focusable="false"
                                viewBox="0 0 24 24"
                              >
                                <path
                                  d="M12 6c3.79 0 7.17 2.13 8.82 5.5-.59 1.22-1.42 2.27-2.41 3.12l1.41 1.41c1.39-1.23 2.49-2.77 3.18-4.53C21.27 7.11 17 4 12 4c-1.27 0-2.49.2-3.64.57l1.65 1.65C10.66 6.09 11.32 6 12 6zm-1.07 1.14L13 9.21c.57.25 1.03.71 1.28 1.28l2.07 2.07c.08-.34.14-.7.14-1.07C16.5 9.01 14.48 7 12 7c-.37 0-.72.05-1.07.14zM2.01 3.87l2.68 2.68C3.06 7.83 1.77 9.53 1 11.5 2.73 15.89 7 19 12 19c1.52 0 2.98-.29 4.32-.82l3.42 3.42 1.41-1.41L3.42 2.45 2.01 3.87zm7.5 7.5 2.61 2.61c-.04.01-.08.02-.12.02-1.38 0-2.5-1.12-2.5-2.5 0-.05.01-.08.01-.13zm-3.4-3.4 1.75 1.75c-.23.55-.36 1.15-.36 1.78 0 2.48 2.02 4.5 4.5 4.5.63 0 1.23-.13 1.77-.36l.98.98c-.88.24-1.8.38-2.75.38-3.79 0-7.17-2.13-8.82-5.5.7-1.43 1.72-2.61 2.93-3.53z"
                                />
                              </svg>
                              <span
                                class="MuiTouchRipple-root css-8je8zh-MuiTouchRipple-root"
                              />
                            </button>
                          </div>
                        </div>
                      </div>
                    </div>
                    <div>
                      <div
                        class="MuiCollapse-root MuiCollapse-vertical MuiCollapse-hidden css-bz4dnt-MuiCollapse-root"
                        style="min-height: 0px;"
                      >
                        <div
                          class="MuiCollapse-wrapper MuiCollapse-vertical css-smkl36-MuiCollapse-wrapper"
                        >
                          <div
                            class="MuiCollapse-wrapperInner MuiCollapse-vertical css-9l5vo-MuiCollapse-wrapperInner"
                          >
                            <div
                              class="MuiBox-root css-0"
                              style="display: flex; flex-direction: row; margin-top: 15px;"
                            >
                              <svg
                                aria-hidden="true"
                                class="MuiSvgIcon-root MuiSvgIcon-fontSizeMedium css-1xdnwdx-MuiSvgIcon-root"
                                data-testid="CancelIcon"
                                focusable="false"
                                viewBox="0 0 24 24"
                              >
                                <path
                                  d="M12 2C6.47 2 2 6.47 2 12s4.47 10 10 10 10-4.47 10-10S17.53 2 12 2zm5 13.59L15.59 17 12 13.41 8.41 17 7 15.59 10.59 12 7 8.41 8.41 7 12 10.59 15.59 7 17 8.41 13.41 12 17 15.59z"
                                />
                              </svg>
                              <span
                                style="margin-left: 10px; color: rgb(8, 7, 7); font-family: Libre Franklin; font-style: normal; font-weight: 400; font-size: 14px; line-height: 18px;"
                              >
                                Length: 8-20 characters
                              </span>
                            </div>
                            <div
                              class="MuiBox-root css-0"
                            >
                              <div
                                class="MuiBox-root css-0"
                                style="display: flex; flex-direction: row; margin-top: 15px;"
                              >
                                <svg
                                  aria-hidden="true"
                                  class="MuiSvgIcon-root MuiSvgIcon-fontSizeMedium css-1xdnwdx-MuiSvgIcon-root"
                                  data-testid="CancelIcon"
                                  focusable="false"
                                  viewBox="0 0 24 24"
                                >
                                  <path
                                    d="M12 2C6.47 2 2 6.47 2 12s4.47 10 10 10 10-4.47 10-10S17.53 2 12 2zm5 13.59L15.59 17 12 13.41 8.41 17 7 15.59 10.59 12 7 8.41 8.41 7 12 10.59 15.59 7 17 8.41 13.41 12 17 15.59z"
                                  />
                                </svg>
                                <span
                                  style="margin-left: 10px; color: rgb(8, 7, 7); font-family: Libre Franklin; font-style: normal; font-weight: 400; font-size: 14px; line-height: 18px;"
                                >
                                  Contain at least 3 out of 4 types of characters below:
                                </span>
                              </div>
                              <ul>
                                <li
                                  style="color: rgb(8, 7, 7);"
                                >
                                  <p
                                    class="MuiTypography-root MuiTypography-body1 css-16sod69-MuiTypography-root"
                                  >
                                    At least One Numeric
                                  </p>
                                </li>
                                <li
                                  style="color: rgb(8, 7, 7);"
                                >
                                  <p
                                    class="MuiTypography-root MuiTypography-body1 css-16sod69-MuiTypography-root"
                                  >
                                    At least One Upper case Alpha
                                  </p>
                                </li>
                                <li
                                  style="color: rgb(8, 7, 7);"
                                >
                                  <p
                                    class="MuiTypography-root MuiTypography-body1 css-16sod69-MuiTypography-root"
                                  >
                                    At least One Lower case Alpha
                                  </p>
                                </li>
                                <li
                                  style="color: rgb(8, 7, 7);"
                                >
                                  <p
                                    class="MuiTypography-root MuiTypography-body1 css-16sod69-MuiTypography-root"
                                  >
                                    At least One Special character (no spaces)
                                  </p>
                                </li>
                              </ul>
                            </div>
                            <div
                              class="MuiBox-root css-0"
                              style="display: flex; flex-direction: row; margin-top: 15px;"
                            >
                              <svg
                                aria-hidden="true"
                                class="MuiSvgIcon-root MuiSvgIcon-fontSizeMedium css-1xdnwdx-MuiSvgIcon-root"
                                data-testid="CancelIcon"
                                focusable="false"
                                viewBox="0 0 24 24"
                              >
                                <path
                                  d="M12 2C6.47 2 2 6.47 2 12s4.47 10 10 10 10-4.47 10-10S17.53 2 12 2zm5 13.59L15.59 17 12 13.41 8.41 17 7 15.59 10.59 12 7 8.41 8.41 7 12 10.59 15.59 7 17 8.41 13.41 12 17 15.59z"
                                />
                              </svg>
                              <span
                                style="margin-left: 10px; color: rgb(8, 7, 7); font-family: Libre Franklin; font-style: normal; font-weight: 400; font-size: 14px; line-height: 18px;"
                              >
                                Password should not contain your username
                              </span>
                            </div>
                            <div
                              class="MuiBox-root css-0"
                              style="display: flex; flex-direction: row; margin-top: 15px;"
                            >
                              <svg
                                aria-hidden="true"
                                class="MuiSvgIcon-root MuiSvgIcon-fontSizeMedium css-1xdnwdx-MuiSvgIcon-root"
                                data-testid="CancelIcon"
                                focusable="false"
                                viewBox="0 0 24 24"
                              >
                                <path
                                  d="M12 2C6.47 2 2 6.47 2 12s4.47 10 10 10 10-4.47 10-10S17.53 2 12 2zm5 13.59L15.59 17 12 13.41 8.41 17 7 15.59 10.59 12 7 8.41 8.41 7 12 10.59 15.59 7 17 8.41 13.41 12 17 15.59z"
                                />
                              </svg>
                              <span
                                style="margin-left: 10px; color: rgb(8, 7, 7); font-family: Libre Franklin; font-style: normal; font-weight: 400; font-size: 14px; line-height: 18px;"
                              >
                                New password must not match current password
                              </span>
                            </div>
                          </div>
                        </div>
                      </div>
                    </div>
                    <div
                      class="MuiFormControl-root css-1c2vtuz-MuiFormControl-root"
                    >
                      <div
                        class="MuiFormControl-root MuiTextField-root css-1s8lirf-MuiFormControl-root-MuiTextField-root"
                        customevent="[object Object]"
                      >
                        <label
                          class="MuiInputLabel-root MuiInputLabel-formControl MuiInputLabel-animated MuiInputLabel-filled MuiFormLabel-root MuiFormLabel-colorPrimary css-1suhfmo-MuiFormLabel-root-MuiInputLabel-root"
                          data-shrink="false"
                          for="confirmPassword"
                          id="confirmPassword-label"
                        >
                          Confirm Password
                        </label>
                        <div
                          class="MuiFilledInput-root MuiInputBase-root MuiInputBase-colorPrimary MuiInputBase-formControl MuiInputBase-adornedEnd css-v0xomr-MuiInputBase-root-MuiFilledInput-root"
                        >
                          <input
                            aria-invalid="false"
                            class="MuiFilledInput-input MuiInputBase-input MuiInputBase-inputAdornedEnd css-1gctnaj-MuiInputBase-input-MuiFilledInput-input"
                            id="confirmPassword"
                            placeholder=""
                            type="password"
                            value=""
                          />
                          <div
                            class="MuiInputAdornment-root MuiInputAdornment-positionEnd MuiInputAdornment-filled MuiInputAdornment-sizeMedium css-jv61v3-MuiInputAdornment-root"
                          >
                            <button
                              aria-label="Password unhide icon"
                              class="MuiButtonBase-root MuiIconButton-root MuiIconButton-edgeEnd MuiIconButton-sizeMedium css-1yq5fb3-MuiButtonBase-root-MuiIconButton-root"
                              data-mui-internal-clone-element="true"
                              tabindex="0"
                              type="button"
                            >
                              <svg
                                aria-hidden="true"
                                class="MuiSvgIcon-root MuiSvgIcon-fontSizeMedium css-vun3p6-MuiSvgIcon-root"
                                data-testid="VisibilityOffOutlinedIcon"
                                focusable="false"
                                viewBox="0 0 24 24"
                              >
                                <path
                                  d="M12 6c3.79 0 7.17 2.13 8.82 5.5-.59 1.22-1.42 2.27-2.41 3.12l1.41 1.41c1.39-1.23 2.49-2.77 3.18-4.53C21.27 7.11 17 4 12 4c-1.27 0-2.49.2-3.64.57l1.65 1.65C10.66 6.09 11.32 6 12 6zm-1.07 1.14L13 9.21c.57.25 1.03.71 1.28 1.28l2.07 2.07c.08-.34.14-.7.14-1.07C16.5 9.01 14.48 7 12 7c-.37 0-.72.05-1.07.14zM2.01 3.87l2.68 2.68C3.06 7.83 1.77 9.53 1 11.5 2.73 15.89 7 19 12 19c1.52 0 2.98-.29 4.32-.82l3.42 3.42 1.41-1.41L3.42 2.45 2.01 3.87zm7.5 7.5 2.61 2.61c-.04.01-.08.02-.12.02-1.38 0-2.5-1.12-2.5-2.5 0-.05.01-.08.01-.13zm-3.4-3.4 1.75 1.75c-.23.55-.36 1.15-.36 1.78 0 2.48 2.02 4.5 4.5 4.5.63 0 1.23-.13 1.77-.36l.98.98c-.88.24-1.8.38-2.75.38-3.79 0-7.17-2.13-8.82-5.5.7-1.43 1.72-2.61 2.93-3.53z"
                                />
                              </svg>
                              <span
                                class="MuiTouchRipple-root css-8je8zh-MuiTouchRipple-root"
                              />
                            </button>
                          </div>
                        </div>
                      </div>
                    </div>
                    <button
                      class="MuiButton-root MuiButton-contained MuiButton-containedPrimary MuiButton-sizeMedium MuiButton-containedSizeMedium MuiButtonBase-root customButton customButtonSmall   sxButton css-1ai4zn7-MuiButtonBase-root-MuiButton-root"
                      style="margin-top: 16px; margin-left: 0px; margin-right: 0px; text-align: center;"
                      tabindex="0"
                      type="submit"
                    >
                      Create Account
                      <span
                        class="MuiTouchRipple-root css-8je8zh-MuiTouchRipple-root"
                      />
                    </button>
                  </form>
                </div>
              </div>
            </div>
          </div>
          <div
            class="MuiContainer-root MuiContainer-maxWidthLg authImageContainer css-r7w29g-MuiContainer-root"
          >
            <div
              class="imageBannerContainer"
            >
              <span
                style="box-sizing: border-box; display: block; overflow: hidden; background: none; opacity: 1; border: 0px; margin: 0px; padding: 0px; position: absolute; top: 0px; left: 0px; bottom: 0px; right: 0px;"
              >
                <img
                  alt=""
                  data-nimg="fill"
                  decoding="async"
                  src="data:image/gif;base64,R0lGODlhAQABAIAAAAAAAP///yH5BAEAAAAALAAAAAABAAEAAAIBRAA7"
                  style="position: absolute; top: 0px; left: 0px; bottom: 0px; right: 0px; box-sizing: border-box; padding: 0px; margin: auto; display: block; width: 0px; height: 0px; min-width: 100%; max-width: 100%; min-height: 100%; max-height: 100%;"
                />
                <noscript />
              </span>
            </div>
          </div>
        </div>
      </div>
    </div>
  </body>,
  "container": <div>
    <div
      class="authLayout"
    >
      <header
        class="MuiPaper-root MuiPaper-elevation MuiPaper-elevation4 MuiAppBar-root MuiAppBar-colorPrimary MuiAppBar-positionFixed mui-fixed css-wzn3iz-MuiPaper-root-MuiAppBar-root"
      >
        <div
          class="MuiContainer-root MuiContainer-maxWidthXl css-19r6kue-MuiContainer-root"
        >
          <div
            class="MuiToolbar-root MuiToolbar-regular css-r6ewbb-MuiToolbar-root"
          >
            <span
              style="box-sizing: border-box; display: inline-block; overflow: hidden; background: none; opacity: 1; border: 0px; margin: 0px; padding: 0px; position: relative; max-width: 100%;"
            >
              <span
                style="box-sizing: border-box; display: block; background: none; opacity: 1; border: 0px; margin: 0px; padding: 0px; max-width: 100%;"
              >
                <img
                  alt=""
                  aria-hidden="true"
                  src="data:image/svg+xml,%3csvg%20xmlns=%27http://www.w3.org/2000/svg%27%20version=%271.1%27%20width=%27124%27%20height=%2736%27/%3e"
                  style="display: block; max-width: 100%; background: none; opacity: 1; border: 0px; margin: 0px; padding: 0px;"
                />
              </span>
              <img
                aria-label="Clarkson Eyecare logo"
                data-nimg="intrinsic"
                decoding="async"
                role="img"
                src="data:image/gif;base64,R0lGODlhAQABAIAAAAAAAP///yH5BAEAAAAALAAAAAABAAEAAAIBRAA7"
                style="position: absolute; top: 0px; left: 0px; bottom: 0px; right: 0px; box-sizing: border-box; padding: 0px; margin: auto; display: block; width: 0px; height: 0px; min-width: 100%; max-width: 100%; min-height: 100%; max-height: 100%;"
                tabindex="0"
              />
              <noscript />
            </span>
          </div>
        </div>
      </header>
      <div
        class="authContainer"
      >
        <div
          class="authComponentContainer MuiBox-root css-1h4hxqr"
        >
          <div
            class="containerPage MuiBox-root css-0"
          >
            <div
              class="MuiPaper-root MuiPaper-elevation MuiPaper-rounded MuiPaper-elevation1 MuiCard-root container css-2q77k0-MuiPaper-root-MuiCard-root"
            >
              <div
                class="MuiCardContent-root css-46bh2p-MuiCardContent-root"
                style="display: flex; flex-direction: column; padding: 0px; margin-top: 0px;"
              >
                <h2
                  aria-label="Set Password"
                  aria-roledescription=""
                  class="MuiTypography-root MuiTypography-h2 css-sk8vt3-MuiTypography-root"
                  role="heading"
                >
                  Set Password
                </h2>
                <h4
                  class="MuiTypography-root MuiTypography-h4 css-1takd7b-MuiTypography-root"
                >
                  Enter a password to setup your account.
                </h4>
                <div />
                <form
                  style="display: grid; margin-top: 8px;"
                >
                  <div
                    class="MuiFormControl-root MuiTextField-root custom-input css-1xbhe5v-MuiFormControl-root-MuiTextField-root"
                    tabindex="0"
                    withicon="true"
                  >
                    <label
                      class="MuiInputLabel-root MuiInputLabel-formControl MuiInputLabel-animated MuiInputLabel-sizeSmall MuiInputLabel-filled MuiFormLabel-root MuiFormLabel-colorPrimary Mui-disabled css-pl8awd-MuiFormLabel-root-MuiInputLabel-root"
                      data-shrink="false"
                      for="username"
                      id="username-label"
                    >
                      Username
                    </label>
                    <div
                      class="MuiFilledInput-root MuiInputBase-root MuiInputBase-colorPrimary Mui-disabled MuiInputBase-formControl MuiInputBase-sizeSmall css-jq7ton-MuiInputBase-root-MuiFilledInput-root"
                    >
                      <input
                        aria-invalid="false"
                        class="MuiFilledInput-input MuiInputBase-input Mui-disabled MuiInputBase-inputSizeSmall css-c5v1qu-MuiInputBase-input-MuiFilledInput-input"
                        disabled=""
                        id="username"
                        placeholder=""
                        type="text"
                        value=""
                      />
                    </div>
                  </div>
                  <div
                    class="MuiFormControl-root css-1c2vtuz-MuiFormControl-root"
                  >
                    <div
                      class="MuiFormControl-root MuiTextField-root css-1s8lirf-MuiFormControl-root-MuiTextField-root"
                      customevent="[object Object]"
                    >
                      <label
                        class="MuiInputLabel-root MuiInputLabel-formControl MuiInputLabel-animated MuiInputLabel-filled MuiFormLabel-root MuiFormLabel-colorPrimary css-1suhfmo-MuiFormLabel-root-MuiInputLabel-root"
                        data-shrink="false"
                        for="password"
                        id="password-label"
                      >
                        Password
                      </label>
                      <div
                        class="MuiFilledInput-root MuiInputBase-root MuiInputBase-colorPrimary MuiInputBase-formControl MuiInputBase-adornedEnd css-v0xomr-MuiInputBase-root-MuiFilledInput-root"
                      >
                        <input
                          aria-invalid="false"
                          class="MuiFilledInput-input MuiInputBase-input MuiInputBase-inputAdornedEnd css-1gctnaj-MuiInputBase-input-MuiFilledInput-input"
                          id="password"
                          placeholder=""
                          type="password"
                          value=""
                        />
                        <div
                          class="MuiInputAdornment-root MuiInputAdornment-positionEnd MuiInputAdornment-filled MuiInputAdornment-sizeMedium css-jv61v3-MuiInputAdornment-root"
                        >
                          <button
                            aria-label="Password unhide icon"
                            class="MuiButtonBase-root MuiIconButton-root MuiIconButton-edgeEnd MuiIconButton-sizeMedium css-1yq5fb3-MuiButtonBase-root-MuiIconButton-root"
                            data-mui-internal-clone-element="true"
                            tabindex="0"
                            type="button"
                          >
                            <svg
                              aria-hidden="true"
                              class="MuiSvgIcon-root MuiSvgIcon-fontSizeMedium css-vun3p6-MuiSvgIcon-root"
                              data-testid="VisibilityOffOutlinedIcon"
                              focusable="false"
                              viewBox="0 0 24 24"
                            >
                              <path
                                d="M12 6c3.79 0 7.17 2.13 8.82 5.5-.59 1.22-1.42 2.27-2.41 3.12l1.41 1.41c1.39-1.23 2.49-2.77 3.18-4.53C21.27 7.11 17 4 12 4c-1.27 0-2.49.2-3.64.57l1.65 1.65C10.66 6.09 11.32 6 12 6zm-1.07 1.14L13 9.21c.57.25 1.03.71 1.28 1.28l2.07 2.07c.08-.34.14-.7.14-1.07C16.5 9.01 14.48 7 12 7c-.37 0-.72.05-1.07.14zM2.01 3.87l2.68 2.68C3.06 7.83 1.77 9.53 1 11.5 2.73 15.89 7 19 12 19c1.52 0 2.98-.29 4.32-.82l3.42 3.42 1.41-1.41L3.42 2.45 2.01 3.87zm7.5 7.5 2.61 2.61c-.04.01-.08.02-.12.02-1.38 0-2.5-1.12-2.5-2.5 0-.05.01-.08.01-.13zm-3.4-3.4 1.75 1.75c-.23.55-.36 1.15-.36 1.78 0 2.48 2.02 4.5 4.5 4.5.63 0 1.23-.13 1.77-.36l.98.98c-.88.24-1.8.38-2.75.38-3.79 0-7.17-2.13-8.82-5.5.7-1.43 1.72-2.61 2.93-3.53z"
                              />
                            </svg>
                            <span
                              class="MuiTouchRipple-root css-8je8zh-MuiTouchRipple-root"
                            />
                          </button>
                        </div>
                      </div>
                    </div>
                  </div>
                  <div>
                    <div
                      class="MuiCollapse-root MuiCollapse-vertical MuiCollapse-hidden css-bz4dnt-MuiCollapse-root"
                      style="min-height: 0px;"
                    >
                      <div
                        class="MuiCollapse-wrapper MuiCollapse-vertical css-smkl36-MuiCollapse-wrapper"
                      >
                        <div
                          class="MuiCollapse-wrapperInner MuiCollapse-vertical css-9l5vo-MuiCollapse-wrapperInner"
                        >
                          <div
                            class="MuiBox-root css-0"
                            style="display: flex; flex-direction: row; margin-top: 15px;"
                          >
                            <svg
                              aria-hidden="true"
                              class="MuiSvgIcon-root MuiSvgIcon-fontSizeMedium css-1xdnwdx-MuiSvgIcon-root"
                              data-testid="CancelIcon"
                              focusable="false"
                              viewBox="0 0 24 24"
                            >
                              <path
                                d="M12 2C6.47 2 2 6.47 2 12s4.47 10 10 10 10-4.47 10-10S17.53 2 12 2zm5 13.59L15.59 17 12 13.41 8.41 17 7 15.59 10.59 12 7 8.41 8.41 7 12 10.59 15.59 7 17 8.41 13.41 12 17 15.59z"
                              />
                            </svg>
                            <span
                              style="margin-left: 10px; color: rgb(8, 7, 7); font-family: Libre Franklin; font-style: normal; font-weight: 400; font-size: 14px; line-height: 18px;"
                            >
                              Length: 8-20 characters
                            </span>
                          </div>
                          <div
                            class="MuiBox-root css-0"
                          >
                            <div
                              class="MuiBox-root css-0"
                              style="display: flex; flex-direction: row; margin-top: 15px;"
                            >
                              <svg
                                aria-hidden="true"
                                class="MuiSvgIcon-root MuiSvgIcon-fontSizeMedium css-1xdnwdx-MuiSvgIcon-root"
                                data-testid="CancelIcon"
                                focusable="false"
                                viewBox="0 0 24 24"
                              >
                                <path
                                  d="M12 2C6.47 2 2 6.47 2 12s4.47 10 10 10 10-4.47 10-10S17.53 2 12 2zm5 13.59L15.59 17 12 13.41 8.41 17 7 15.59 10.59 12 7 8.41 8.41 7 12 10.59 15.59 7 17 8.41 13.41 12 17 15.59z"
                                />
                              </svg>
                              <span
                                style="margin-left: 10px; color: rgb(8, 7, 7); font-family: Libre Franklin; font-style: normal; font-weight: 400; font-size: 14px; line-height: 18px;"
                              >
                                Contain at least 3 out of 4 types of characters below:
                              </span>
                            </div>
                            <ul>
                              <li
                                style="color: rgb(8, 7, 7);"
                              >
                                <p
                                  class="MuiTypography-root MuiTypography-body1 css-16sod69-MuiTypography-root"
                                >
                                  At least One Numeric
                                </p>
                              </li>
                              <li
                                style="color: rgb(8, 7, 7);"
                              >
                                <p
                                  class="MuiTypography-root MuiTypography-body1 css-16sod69-MuiTypography-root"
                                >
                                  At least One Upper case Alpha
                                </p>
                              </li>
                              <li
                                style="color: rgb(8, 7, 7);"
                              >
                                <p
                                  class="MuiTypography-root MuiTypography-body1 css-16sod69-MuiTypography-root"
                                >
                                  At least One Lower case Alpha
                                </p>
                              </li>
                              <li
                                style="color: rgb(8, 7, 7);"
                              >
                                <p
                                  class="MuiTypography-root MuiTypography-body1 css-16sod69-MuiTypography-root"
                                >
                                  At least One Special character (no spaces)
                                </p>
                              </li>
                            </ul>
                          </div>
                          <div
                            class="MuiBox-root css-0"
                            style="display: flex; flex-direction: row; margin-top: 15px;"
                          >
                            <svg
                              aria-hidden="true"
                              class="MuiSvgIcon-root MuiSvgIcon-fontSizeMedium css-1xdnwdx-MuiSvgIcon-root"
                              data-testid="CancelIcon"
                              focusable="false"
                              viewBox="0 0 24 24"
                            >
                              <path
                                d="M12 2C6.47 2 2 6.47 2 12s4.47 10 10 10 10-4.47 10-10S17.53 2 12 2zm5 13.59L15.59 17 12 13.41 8.41 17 7 15.59 10.59 12 7 8.41 8.41 7 12 10.59 15.59 7 17 8.41 13.41 12 17 15.59z"
                              />
                            </svg>
                            <span
                              style="margin-left: 10px; color: rgb(8, 7, 7); font-family: Libre Franklin; font-style: normal; font-weight: 400; font-size: 14px; line-height: 18px;"
                            >
                              Password should not contain your username
                            </span>
                          </div>
                          <div
                            class="MuiBox-root css-0"
                            style="display: flex; flex-direction: row; margin-top: 15px;"
                          >
                            <svg
                              aria-hidden="true"
                              class="MuiSvgIcon-root MuiSvgIcon-fontSizeMedium css-1xdnwdx-MuiSvgIcon-root"
                              data-testid="CancelIcon"
                              focusable="false"
                              viewBox="0 0 24 24"
                            >
                              <path
                                d="M12 2C6.47 2 2 6.47 2 12s4.47 10 10 10 10-4.47 10-10S17.53 2 12 2zm5 13.59L15.59 17 12 13.41 8.41 17 7 15.59 10.59 12 7 8.41 8.41 7 12 10.59 15.59 7 17 8.41 13.41 12 17 15.59z"
                              />
                            </svg>
                            <span
                              style="margin-left: 10px; color: rgb(8, 7, 7); font-family: Libre Franklin; font-style: normal; font-weight: 400; font-size: 14px; line-height: 18px;"
                            >
                              New password must not match current password
                            </span>
                          </div>
                        </div>
                      </div>
                    </div>
                  </div>
                  <div
                    class="MuiFormControl-root css-1c2vtuz-MuiFormControl-root"
                  >
                    <div
                      class="MuiFormControl-root MuiTextField-root css-1s8lirf-MuiFormControl-root-MuiTextField-root"
                      customevent="[object Object]"
                    >
                      <label
                        class="MuiInputLabel-root MuiInputLabel-formControl MuiInputLabel-animated MuiInputLabel-filled MuiFormLabel-root MuiFormLabel-colorPrimary css-1suhfmo-MuiFormLabel-root-MuiInputLabel-root"
                        data-shrink="false"
                        for="confirmPassword"
                        id="confirmPassword-label"
                      >
                        Confirm Password
                      </label>
                      <div
                        class="MuiFilledInput-root MuiInputBase-root MuiInputBase-colorPrimary MuiInputBase-formControl MuiInputBase-adornedEnd css-v0xomr-MuiInputBase-root-MuiFilledInput-root"
                      >
                        <input
                          aria-invalid="false"
                          class="MuiFilledInput-input MuiInputBase-input MuiInputBase-inputAdornedEnd css-1gctnaj-MuiInputBase-input-MuiFilledInput-input"
                          id="confirmPassword"
                          placeholder=""
                          type="password"
                          value=""
                        />
                        <div
                          class="MuiInputAdornment-root MuiInputAdornment-positionEnd MuiInputAdornment-filled MuiInputAdornment-sizeMedium css-jv61v3-MuiInputAdornment-root"
                        >
                          <button
                            aria-label="Password unhide icon"
                            class="MuiButtonBase-root MuiIconButton-root MuiIconButton-edgeEnd MuiIconButton-sizeMedium css-1yq5fb3-MuiButtonBase-root-MuiIconButton-root"
                            data-mui-internal-clone-element="true"
                            tabindex="0"
                            type="button"
                          >
                            <svg
                              aria-hidden="true"
                              class="MuiSvgIcon-root MuiSvgIcon-fontSizeMedium css-vun3p6-MuiSvgIcon-root"
                              data-testid="VisibilityOffOutlinedIcon"
                              focusable="false"
                              viewBox="0 0 24 24"
                            >
                              <path
                                d="M12 6c3.79 0 7.17 2.13 8.82 5.5-.59 1.22-1.42 2.27-2.41 3.12l1.41 1.41c1.39-1.23 2.49-2.77 3.18-4.53C21.27 7.11 17 4 12 4c-1.27 0-2.49.2-3.64.57l1.65 1.65C10.66 6.09 11.32 6 12 6zm-1.07 1.14L13 9.21c.57.25 1.03.71 1.28 1.28l2.07 2.07c.08-.34.14-.7.14-1.07C16.5 9.01 14.48 7 12 7c-.37 0-.72.05-1.07.14zM2.01 3.87l2.68 2.68C3.06 7.83 1.77 9.53 1 11.5 2.73 15.89 7 19 12 19c1.52 0 2.98-.29 4.32-.82l3.42 3.42 1.41-1.41L3.42 2.45 2.01 3.87zm7.5 7.5 2.61 2.61c-.04.01-.08.02-.12.02-1.38 0-2.5-1.12-2.5-2.5 0-.05.01-.08.01-.13zm-3.4-3.4 1.75 1.75c-.23.55-.36 1.15-.36 1.78 0 2.48 2.02 4.5 4.5 4.5.63 0 1.23-.13 1.77-.36l.98.98c-.88.24-1.8.38-2.75.38-3.79 0-7.17-2.13-8.82-5.5.7-1.43 1.72-2.61 2.93-3.53z"
                              />
                            </svg>
                            <span
                              class="MuiTouchRipple-root css-8je8zh-MuiTouchRipple-root"
                            />
                          </button>
                        </div>
                      </div>
                    </div>
                  </div>
                  <button
                    class="MuiButton-root MuiButton-contained MuiButton-containedPrimary MuiButton-sizeMedium MuiButton-containedSizeMedium MuiButtonBase-root customButton customButtonSmall   sxButton css-1ai4zn7-MuiButtonBase-root-MuiButton-root"
                    style="margin-top: 16px; margin-left: 0px; margin-right: 0px; text-align: center;"
                    tabindex="0"
                    type="submit"
                  >
                    Create Account
                    <span
                      class="MuiTouchRipple-root css-8je8zh-MuiTouchRipple-root"
                    />
                  </button>
                </form>
              </div>
            </div>
          </div>
        </div>
        <div
          class="MuiContainer-root MuiContainer-maxWidthLg authImageContainer css-r7w29g-MuiContainer-root"
        >
          <div
            class="imageBannerContainer"
          >
            <span
              style="box-sizing: border-box; display: block; overflow: hidden; background: none; opacity: 1; border: 0px; margin: 0px; padding: 0px; position: absolute; top: 0px; left: 0px; bottom: 0px; right: 0px;"
            >
              <img
                alt=""
                data-nimg="fill"
                decoding="async"
                src="data:image/gif;base64,R0lGODlhAQABAIAAAAAAAP///yH5BAEAAAAALAAAAAABAAEAAAIBRAA7"
                style="position: absolute; top: 0px; left: 0px; bottom: 0px; right: 0px; box-sizing: border-box; padding: 0px; margin: auto; display: block; width: 0px; height: 0px; min-width: 100%; max-width: 100%; min-height: 100%; max-height: 100%;"
              />
              <noscript />
            </span>
          </div>
        </div>
      </div>
    </div>
  </div>,
  "debug": [Function],
  "findAllByAltText": [Function],
  "findAllByDisplayValue": [Function],
  "findAllByLabelText": [Function],
  "findAllByPlaceholderText": [Function],
  "findAllByRole": [Function],
  "findAllByTestId": [Function],
  "findAllByText": [Function],
  "findAllByTitle": [Function],
  "findByAltText": [Function],
  "findByDisplayValue": [Function],
  "findByLabelText": [Function],
  "findByPlaceholderText": [Function],
  "findByRole": [Function],
  "findByTestId": [Function],
  "findByText": [Function],
  "findByTitle": [Function],
  "getAllByAltText": [Function],
  "getAllByDisplayValue": [Function],
  "getAllByLabelText": [Function],
  "getAllByPlaceholderText": [Function],
  "getAllByRole": [Function],
  "getAllByTestId": [Function],
  "getAllByText": [Function],
  "getAllByTitle": [Function],
  "getByAltText": [Function],
  "getByDisplayValue": [Function],
  "getByLabelText": [Function],
  "getByPlaceholderText": [Function],
  "getByRole": [Function],
  "getByTestId": [Function],
  "getByText": [Function],
  "getByTitle": [Function],
  "queryAllByAltText": [Function],
  "queryAllByDisplayValue": [Function],
  "queryAllByLabelText": [Function],
  "queryAllByPlaceholderText": [Function],
  "queryAllByRole": [Function],
  "queryAllByTestId": [Function],
  "queryAllByText": [Function],
  "queryAllByTitle": [Function],
  "queryByAltText": [Function],
  "queryByDisplayValue": [Function],
  "queryByLabelText": [Function],
  "queryByPlaceholderText": [Function],
  "queryByRole": [Function],
  "queryByTestId": [Function],
  "queryByText": [Function],
  "queryByTitle": [Function],
  "rerender": [Function],
  "unmount": [Function],
}
`;
