// Jest Snapshot v1, https://goo.gl/fbAQLP

exports[`SecurityQuestion Components SecurityQuestionrender 1`] = `
Object {
  "asFragment": [Function],
  "baseElement": <body>
    <div>
      <div
        class="MuiBox-root css-8u5xrh"
      >
        <div
          class="MuiPaper-root MuiPaper-outlined MuiPaper-rounded MuiCard-root card css-1v5z4dq-MuiPaper-root-MuiCard-root"
        >
          <div
            class="MuiCardContent-root css-vp7ejv-MuiCardContent-root"
          >
            <div
              class="css-1p5q5e5-MuiStack-root"
            >
              <span
                class="MuiTypography-root MuiTypography-bodyLarge css-37jdci-MuiTypography-root"
              >
                You have no insurance on file
              </span>
            </div>
          </div>
        </div>
        <div
          style="position: fixed; bottom: 16px; right: 16px;"
        />
      </div>
    </div>
  </body>,
  "container": <div>
    <div
      class="MuiBox-root css-8u5xrh"
    >
      <div
        class="MuiPaper-root MuiPaper-outlined MuiPaper-rounded MuiCard-root card css-1v5z4dq-MuiPaper-root-MuiCard-root"
      >
        <div
          class="MuiCardContent-root css-vp7ejv-MuiCardContent-root"
        >
          <div
            class="css-1p5q5e5-MuiStack-root"
          >
            <span
              class="MuiTypography-root MuiTypography-bodyLarge css-37jdci-MuiTypography-root"
            >
              You have no insurance on file
            </span>
          </div>
        </div>
      </div>
      <div
        style="position: fixed; bottom: 16px; right: 16px;"
      />
    </div>
  </div>,
  "debug": [Function],
  "findAllByAltText": [Function],
  "findAllByDisplayValue": [Function],
  "findAllByLabelText": [Function],
  "findAllByPlaceholderText": [Function],
  "findAllByRole": [Function],
  "findAllByTestId": [Function],
  "findAllByText": [Function],
  "findAllByTitle": [Function],
  "findByAltText": [Function],
  "findByDisplayValue": [Function],
  "findByLabelText": [Function],
  "findByPlaceholderText": [Function],
  "findByRole": [Function],
  "findByTestId": [Function],
  "findByText": [Function],
  "findByTitle": [Function],
  "getAllByAltText": [Function],
  "getAllByDisplayValue": [Function],
  "getAllByLabelText": [Function],
  "getAllByPlaceholderText": [Function],
  "getAllByRole": [Function],
  "getAllByTestId": [Function],
  "getAllByText": [Function],
  "getAllByTitle": [Function],
  "getByAltText": [Function],
  "getByDisplayValue": [Function],
  "getByLabelText": [Function],
  "getByPlaceholderText": [Function],
  "getByRole": [Function],
  "getByTestId": [Function],
  "getByText": [Function],
  "getByTitle": [Function],
  "queryAllByAltText": [Function],
  "queryAllByDisplayValue": [Function],
  "queryAllByLabelText": [Function],
  "queryAllByPlaceholderText": [Function],
  "queryAllByRole": [Function],
  "queryAllByTestId": [Function],
  "queryAllByText": [Function],
  "queryAllByTitle": [Function],
  "queryByAltText": [Function],
  "queryByDisplayValue": [Function],
  "queryByLabelText": [Function],
  "queryByPlaceholderText": [Function],
  "queryByRole": [Function],
  "queryByTestId": [Function],
  "queryByText": [Function],
  "queryByTitle": [Function],
  "rerender": [Function],
  "unmount": [Function],
}
`;
