// Jest Snapshot v1, https://goo.gl/fbAQLP

exports[`Item Result Components select option render 1`] = `
Object {
  "asFragment": [Function],
  "baseElement": <body>
    <div>
      <div
        class="MuiGrid-root MuiGrid-container css-10mzr36-MuiGrid-root"
      >
        <div
          class="MuiGrid-root MuiGrid-item MuiGrid-grid-xs-5 css-k3f0g4-MuiGrid-root"
        >
          <div
            class="appointment MuiBox-root css-0"
          >
            <div
              class="displayFlex MuiBox-root css-0"
            >
              <div
                class="MuiBox-root css-0"
              >
                <span
                  style="box-sizing: border-box; display: inline-block; overflow: hidden; background: none; opacity: 1; border: 0px; margin: 0px; padding: 0px; position: relative; max-width: 100%;"
                >
                  <span
                    style="box-sizing: border-box; display: block; background: none; opacity: 1; border: 0px; margin: 0px; padding: 0px; max-width: 100%;"
                  >
                    <img
                      alt=""
                      aria-hidden="true"
                      src="data:image/svg+xml,%3csvg%20xmlns=%27http://www.w3.org/2000/svg%27%20version=%271.1%27%20width=%27100%27%20height=%27100%27/%3e"
                      style="display: block; max-width: 100%; background: none; opacity: 1; border: 0px; margin: 0px; padding: 0px;"
                    />
                  </span>
                  <img
                    alt="Doctor Image"
                    class="profilePhoto"
                    data-nimg="intrinsic"
                    decoding="async"
                    src="data:image/gif;base64,R0lGODlhAQABAIAAAAAAAP///yH5BAEAAAAALAAAAAABAAEAAAIBRAA7"
                    style="position: absolute; top: 0px; left: 0px; bottom: 0px; right: 0px; box-sizing: border-box; padding: 0px; margin: auto; display: block; width: 0px; height: 0px; min-width: 100%; max-width: 100%; min-height: 100%; max-height: 100%;"
                  />
                  <noscript />
                </span>
              </div>
              <div
                class="bioContainer MuiBox-root css-0"
              >
                <h2
                  class="MuiTypography-root MuiTypography-h2 doctorNameAppointment css-1i5ehwd-MuiTypography-root"
                >
                  Paul Wagner, MD
                </h2>
                <p
                  class="MuiTypography-root MuiTypography-body2 address css-e784if-MuiTypography-root"
                >
                  51 West 51st Street, 
                        Floor 3, Suite 320
                        Midtown, New York, NY, 10019
                </p>
                <div
                  class="phoneContainer MuiBox-root css-0"
                >
                  <span
                    aria-label="3.5 Stars"
                    class="MuiRating-root MuiRating-sizeSmall MuiRating-readyOnly css-x48yct-MuiRating-root"
                    role="img"
                  >
                    <span
                      class="MuiRating-decimal css-34he1w-MuiRating-decimal"
                    >
                      <span
                        style="width: 0%; overflow: hidden; position: absolute;"
                      >
                        <span
                          class="MuiRating-icon MuiRating-iconFilled css-7qmtgc-MuiRating-icon"
                        >
                          <svg
                            aria-hidden="true"
                            class="MuiSvgIcon-root MuiSvgIcon-fontSizeInherit css-1vooibu-MuiSvgIcon-root"
                            data-testid="StarIcon"
                            focusable="false"
                            viewBox="0 0 24 24"
                          >
                            <path
                              d="M12 17.27 18.18 21l-1.64-7.03L22 9.24l-7.19-.61L12 2 9.19 8.63 2 9.24l5.46 4.73L5.82 21z"
                            />
                          </svg>
                        </span>
                      </span>
                      <span>
                        <span
                          class="MuiRating-icon MuiRating-iconFilled css-7qmtgc-MuiRating-icon"
                        >
                          <svg
                            aria-hidden="true"
                            class="MuiSvgIcon-root MuiSvgIcon-fontSizeInherit css-1vooibu-MuiSvgIcon-root"
                            data-testid="StarIcon"
                            focusable="false"
                            viewBox="0 0 24 24"
                          >
                            <path
                              d="M12 17.27 18.18 21l-1.64-7.03L22 9.24l-7.19-.61L12 2 9.19 8.63 2 9.24l5.46 4.73L5.82 21z"
                            />
                          </svg>
                        </span>
                      </span>
                    </span>
                    <span
                      class="MuiRating-decimal css-34he1w-MuiRating-decimal"
                    >
                      <span
                        style="width: 0%; overflow: hidden; position: absolute;"
                      >
                        <span
                          class="MuiRating-icon MuiRating-iconFilled css-7qmtgc-MuiRating-icon"
                        >
                          <svg
                            aria-hidden="true"
                            class="MuiSvgIcon-root MuiSvgIcon-fontSizeInherit css-1vooibu-MuiSvgIcon-root"
                            data-testid="StarIcon"
                            focusable="false"
                            viewBox="0 0 24 24"
                          >
                            <path
                              d="M12 17.27 18.18 21l-1.64-7.03L22 9.24l-7.19-.61L12 2 9.19 8.63 2 9.24l5.46 4.73L5.82 21z"
                            />
                          </svg>
                        </span>
                      </span>
                      <span>
                        <span
                          class="MuiRating-icon MuiRating-iconFilled css-7qmtgc-MuiRating-icon"
                        >
                          <svg
                            aria-hidden="true"
                            class="MuiSvgIcon-root MuiSvgIcon-fontSizeInherit css-1vooibu-MuiSvgIcon-root"
                            data-testid="StarIcon"
                            focusable="false"
                            viewBox="0 0 24 24"
                          >
                            <path
                              d="M12 17.27 18.18 21l-1.64-7.03L22 9.24l-7.19-.61L12 2 9.19 8.63 2 9.24l5.46 4.73L5.82 21z"
                            />
                          </svg>
                        </span>
                      </span>
                    </span>
                    <span
                      class="MuiRating-decimal css-34he1w-MuiRating-decimal"
                    >
                      <span
                        style="width: 0%; overflow: hidden; position: absolute;"
                      >
                        <span
                          class="MuiRating-icon MuiRating-iconFilled css-7qmtgc-MuiRating-icon"
                        >
                          <svg
                            aria-hidden="true"
                            class="MuiSvgIcon-root MuiSvgIcon-fontSizeInherit css-1vooibu-MuiSvgIcon-root"
                            data-testid="StarIcon"
                            focusable="false"
                            viewBox="0 0 24 24"
                          >
                            <path
                              d="M12 17.27 18.18 21l-1.64-7.03L22 9.24l-7.19-.61L12 2 9.19 8.63 2 9.24l5.46 4.73L5.82 21z"
                            />
                          </svg>
                        </span>
                      </span>
                      <span>
                        <span
                          class="MuiRating-icon MuiRating-iconFilled css-7qmtgc-MuiRating-icon"
                        >
                          <svg
                            aria-hidden="true"
                            class="MuiSvgIcon-root MuiSvgIcon-fontSizeInherit css-1vooibu-MuiSvgIcon-root"
                            data-testid="StarIcon"
                            focusable="false"
                            viewBox="0 0 24 24"
                          >
                            <path
                              d="M12 17.27 18.18 21l-1.64-7.03L22 9.24l-7.19-.61L12 2 9.19 8.63 2 9.24l5.46 4.73L5.82 21z"
                            />
                          </svg>
                        </span>
                      </span>
                    </span>
                    <span
                      class="MuiRating-decimal css-34he1w-MuiRating-decimal"
                    >
                      <span
                        style="width: 50%; overflow: hidden; position: absolute;"
                      >
                        <span
                          class="MuiRating-icon MuiRating-iconFilled css-7qmtgc-MuiRating-icon"
                        >
                          <svg
                            aria-hidden="true"
                            class="MuiSvgIcon-root MuiSvgIcon-fontSizeInherit css-1vooibu-MuiSvgIcon-root"
                            data-testid="StarIcon"
                            focusable="false"
                            viewBox="0 0 24 24"
                          >
                            <path
                              d="M12 17.27 18.18 21l-1.64-7.03L22 9.24l-7.19-.61L12 2 9.19 8.63 2 9.24l5.46 4.73L5.82 21z"
                            />
                          </svg>
                        </span>
                      </span>
                      <span>
                        <span
                          class="MuiRating-icon MuiRating-iconEmpty css-1c99szj-MuiRating-icon"
                        >
                          <svg
                            aria-hidden="true"
                            class="MuiSvgIcon-root MuiSvgIcon-fontSizeInherit css-1vooibu-MuiSvgIcon-root"
                            data-testid="StarIcon"
                            focusable="false"
                            viewBox="0 0 24 24"
                          >
                            <path
                              d="M12 17.27 18.18 21l-1.64-7.03L22 9.24l-7.19-.61L12 2 9.19 8.63 2 9.24l5.46 4.73L5.82 21z"
                            />
                          </svg>
                        </span>
                      </span>
                    </span>
                    <span
                      class="MuiRating-decimal css-34he1w-MuiRating-decimal"
                    >
                      <span
                        style="width: 0%; overflow: hidden; position: absolute;"
                      >
                        <span
                          class="MuiRating-icon MuiRating-iconEmpty css-1c99szj-MuiRating-icon"
                        >
                          <svg
                            aria-hidden="true"
                            class="MuiSvgIcon-root MuiSvgIcon-fontSizeInherit css-1vooibu-MuiSvgIcon-root"
                            data-testid="StarIcon"
                            focusable="false"
                            viewBox="0 0 24 24"
                          >
                            <path
                              d="M12 17.27 18.18 21l-1.64-7.03L22 9.24l-7.19-.61L12 2 9.19 8.63 2 9.24l5.46 4.73L5.82 21z"
                            />
                          </svg>
                        </span>
                      </span>
                      <span>
                        <span
                          class="MuiRating-icon MuiRating-iconEmpty css-1c99szj-MuiRating-icon"
                        >
                          <svg
                            aria-hidden="true"
                            class="MuiSvgIcon-root MuiSvgIcon-fontSizeInherit css-1vooibu-MuiSvgIcon-root"
                            data-testid="StarIcon"
                            focusable="false"
                            viewBox="0 0 24 24"
                          >
                            <path
                              d="M12 17.27 18.18 21l-1.64-7.03L22 9.24l-7.19-.61L12 2 9.19 8.63 2 9.24l5.46 4.73L5.82 21z"
                            />
                          </svg>
                        </span>
                      </span>
                    </span>
                  </span>
                  <p
                    class="MuiTypography-root MuiTypography-body2 phone css-e784if-MuiTypography-root"
                  >
                    (857) 299-9989
                  </p>
                </div>
              </div>
            </div>
            <div
              class="MuiBox-root css-0"
            >
              <div
                class="MuiBox-root css-0"
              >
                <h6
                  class="MuiTypography-root MuiTypography-subtitle1 specialistTitle css-10wpov9-MuiTypography-root"
                >
                  Specialties and Sub-specialties:
                   
                </h6>
                <ul
                  class="specialistList"
                >
                  <li>
                    <p
                      class="MuiTypography-root MuiTypography-body2 css-e784if-MuiTypography-root"
                    >
                      Opthometry
                    </p>
                  </li>
                  <li>
                    <p
                      class="MuiTypography-root MuiTypography-body2 css-e784if-MuiTypography-root"
                    >
                      Opthalmology
                    </p>
                  </li>
                  <li>
                    <p
                      class="MuiTypography-root MuiTypography-body2 css-e784if-MuiTypography-root"
                    >
                      Catarac
                    </p>
                  </li>
                  <li>
                    <p
                      class="MuiTypography-root MuiTypography-body2 newColumn css-e784if-MuiTypography-root"
                    >
                      Glaucoma
                    </p>
                  </li>
                </ul>
              </div>
            </div>
          </div>
        </div>
        <div
          class="MuiGrid-root MuiGrid-item MuiGrid-grid-xs-2 css-1o7apob-MuiGrid-root"
        >
          <div
            class="MuiBox-root css-18914rm"
          >
            <div
              class="MuiBox-root css-1y0phqd"
            >
              <svg
                aria-hidden="true"
                class="MuiSvgIcon-root MuiSvgIcon-fontSizeMedium css-4po2q6-MuiSvgIcon-root"
                data-testid="LocationOnIcon"
                focusable="false"
                viewBox="0 0 24 24"
              >
                <path
                  d="M12 2C8.13 2 5 5.13 5 9c0 5.25 7 13 7 13s7-7.75 7-13c0-3.87-3.13-7-7-7zm0 9.5c-1.38 0-2.5-1.12-2.5-2.5s1.12-2.5 2.5-2.5 2.5 1.12 2.5 2.5-1.12 2.5-2.5 2.5z"
                />
              </svg>
              <span
                class="MuiTypography-root MuiTypography-body2 css-1y4erkl-MuiTypography-root"
              >
                10 ml
              </span>
            </div>
            <div
              class="MuiBox-root css-8vwnr2"
            >
              <svg
                aria-hidden="true"
                class="MuiSvgIcon-root MuiSvgIcon-fontSizeMedium css-1yl5eoc-MuiSvgIcon-root"
                data-testid="DirectionsIcon"
                focusable="false"
                viewBox="0 0 24 24"
              >
                <path
                  d="m21.71 11.29-9-9a.9959.9959 0 0 0-1.41 0l-9 9c-.39.39-.39 1.02 0 1.41l9 9c.39.39 1.02.39 1.41 0l9-9c.39-.38.39-1.01 0-1.41zM14 14.5V12h-4v3H8v-4c0-.55.45-1 1-1h5V7.5l3.5 3.5-3.5 3.5z"
                />
              </svg>
            </div>
          </div>
        </div>
        <div
          class="MuiGrid-root MuiGrid-item MuiGrid-grid-xs-5 css-k3f0g4-MuiGrid-root"
        >
          <div
            class="MuiBox-root css-113w06v"
          >
            <div
              class="MuiBox-root css-z0jma8"
            >
              <button
                class="MuiButton-root MuiButton-contained MuiButton-containedPrimary MuiButton-sizeMedium MuiButton-containedSizeMedium MuiButtonBase-root customButton customButtonSmall  css-mn6rr9-MuiButtonBase-root-MuiButton-root"
                tabindex="0"
                type="submit"
              >
                13.25 Am
                <span
                  class="MuiTouchRipple-root css-8je8zh-MuiTouchRipple-root"
                />
              </button>
            </div>
            <div
              class="MuiBox-root css-1a2yx20"
            >
              <button
                class="MuiButton-root MuiButton-contained MuiButton-containedPrimary MuiButton-sizeMedium MuiButton-containedSizeMedium MuiButtonBase-root customButton customButtonSmall  css-mn6rr9-MuiButtonBase-root-MuiButton-root"
                tabindex="0"
                type="submit"
              >
                13.25 Am
                <span
                  class="MuiTouchRipple-root css-8je8zh-MuiTouchRipple-root"
                />
              </button>
            </div>
            <div
              class="MuiBox-root css-13f4wu2"
            >
              <button
                class="MuiButton-root MuiButton-contained MuiButton-containedPrimary MuiButton-sizeMedium MuiButton-containedSizeMedium MuiButtonBase-root customButton customButtonSmall  css-mn6rr9-MuiButtonBase-root-MuiButton-root"
                tabindex="0"
                type="submit"
              >
                13.25 Am
                <span
                  class="MuiTouchRipple-root css-8je8zh-MuiTouchRipple-root"
                />
              </button>
            </div>
            <div
              class="MuiBox-root css-1dix6uz"
            >
              <button
                class="MuiButton-root MuiButton-contained MuiButton-containedPrimary MuiButton-sizeMedium MuiButton-containedSizeMedium MuiButtonBase-root customButton customButtonSmall  css-mn6rr9-MuiButtonBase-root-MuiButton-root"
                tabindex="0"
                type="submit"
              >
                13.25 Am
                <span
                  class="MuiTouchRipple-root css-8je8zh-MuiTouchRipple-root"
                />
              </button>
            </div>
            <div
              class="MuiBox-root css-jhayhv"
            >
              <button
                class="MuiButton-root MuiButton-contained MuiButton-containedPrimary MuiButton-sizeMedium MuiButton-containedSizeMedium MuiButtonBase-root customButton customButtonSmall  css-mn6rr9-MuiButtonBase-root-MuiButton-root"
                tabindex="0"
                type="submit"
              >
                13.25 Am
                <span
                  class="MuiTouchRipple-root css-8je8zh-MuiTouchRipple-root"
                />
              </button>
            </div>
            <div
              class="MuiBox-root css-bny4hd"
            >
              <button
                class="MuiButton-root MuiButton-contained MuiButton-containedPrimary MuiButton-sizeMedium MuiButton-containedSizeMedium MuiButtonBase-root customButton customButtonSmall  css-mn6rr9-MuiButtonBase-root-MuiButton-root"
                tabindex="0"
                type="submit"
              >
                13.25 Am
                <span
                  class="MuiTouchRipple-root css-8je8zh-MuiTouchRipple-root"
                />
              </button>
            </div>
            <div
              class="MuiBox-root css-18ywak8"
            >
              <button
                class="MuiButton-root MuiButton-contained MuiButton-containedPrimary MuiButton-sizeMedium MuiButton-containedSizeMedium MuiButtonBase-root customButton customButtonSmall  css-mn6rr9-MuiButtonBase-root-MuiButton-root"
                tabindex="0"
                type="submit"
              >
                13.25 Am
                <span
                  class="MuiTouchRipple-root css-8je8zh-MuiTouchRipple-root"
                />
              </button>
            </div>
            <div
              class="MuiBox-root css-wzv4f3"
            >
              <button
                class="MuiButton-root MuiButton-contained MuiButton-containedPrimary MuiButton-sizeMedium MuiButton-containedSizeMedium MuiButtonBase-root customButton customButtonSmall  css-mn6rr9-MuiButtonBase-root-MuiButton-root"
                tabindex="0"
                type="submit"
              >
                13.25 Am
                <span
                  class="MuiTouchRipple-root css-8je8zh-MuiTouchRipple-root"
                />
              </button>
            </div>
            <div
              class="MuiBox-root css-pqaf01"
            >
              <button
                class="MuiButton-root MuiButton-contained MuiButton-containedPrimary MuiButton-sizeMedium MuiButton-containedSizeMedium MuiButtonBase-root customButton customButtonSmall  css-mn6rr9-MuiButtonBase-root-MuiButton-root"
                tabindex="0"
                type="submit"
              >
                13.25 Am
                <span
                  class="MuiTouchRipple-root css-8je8zh-MuiTouchRipple-root"
                />
              </button>
            </div>
            <div
              class="MuiBox-root css-h954z9"
            >
              <button
                class="MuiButton-root MuiButton-contained MuiButton-containedPrimary MuiButton-sizeMedium MuiButton-containedSizeMedium MuiButtonBase-root customButton customButtonSmall  css-mn6rr9-MuiButtonBase-root-MuiButton-root"
                tabindex="0"
                type="submit"
              >
                13.25 Am
                <span
                  class="MuiTouchRipple-root css-8je8zh-MuiTouchRipple-root"
                />
              </button>
            </div>
            <div
              class="MuiBox-root css-1zohb2"
            >
              <button
                class="MuiButton-root MuiButton-contained MuiButton-containedPrimary MuiButton-sizeMedium MuiButton-containedSizeMedium MuiButtonBase-root customButton customButtonSmall  css-mn6rr9-MuiButtonBase-root-MuiButton-root"
                tabindex="0"
                type="submit"
              >
                13.25 Am
                <span
                  class="MuiTouchRipple-root css-8je8zh-MuiTouchRipple-root"
                />
              </button>
            </div>
            <div
              class="MuiBox-root css-1vmavmm"
            >
              <button
                class="MuiButton-root MuiButton-contained MuiButton-containedPrimary MuiButton-sizeMedium MuiButton-containedSizeMedium MuiButtonBase-root customButton customButtonSmall  css-mn6rr9-MuiButtonBase-root-MuiButton-root"
                tabindex="0"
                type="submit"
              >
                13.25 Am
                <span
                  class="MuiTouchRipple-root css-8je8zh-MuiTouchRipple-root"
                />
              </button>
            </div>
            <div
              class="MuiBox-root css-1eap1cz"
            >
              <a
                class="MuiTypography-root MuiTypography-inherit MuiLink-root MuiLink-underlineAlways css-1ps4owl-MuiTypography-root-MuiLink-root"
                href="#"
              >
                View all Availability
              </a>
            </div>
          </div>
        </div>
      </div>
    </div>
  </body>,
  "container": <div>
    <div
      class="MuiGrid-root MuiGrid-container css-10mzr36-MuiGrid-root"
    >
      <div
        class="MuiGrid-root MuiGrid-item MuiGrid-grid-xs-5 css-k3f0g4-MuiGrid-root"
      >
        <div
          class="appointment MuiBox-root css-0"
        >
          <div
            class="displayFlex MuiBox-root css-0"
          >
            <div
              class="MuiBox-root css-0"
            >
              <span
                style="box-sizing: border-box; display: inline-block; overflow: hidden; background: none; opacity: 1; border: 0px; margin: 0px; padding: 0px; position: relative; max-width: 100%;"
              >
                <span
                  style="box-sizing: border-box; display: block; background: none; opacity: 1; border: 0px; margin: 0px; padding: 0px; max-width: 100%;"
                >
                  <img
                    alt=""
                    aria-hidden="true"
                    src="data:image/svg+xml,%3csvg%20xmlns=%27http://www.w3.org/2000/svg%27%20version=%271.1%27%20width=%27100%27%20height=%27100%27/%3e"
                    style="display: block; max-width: 100%; background: none; opacity: 1; border: 0px; margin: 0px; padding: 0px;"
                  />
                </span>
                <img
                  alt="Doctor Image"
                  class="profilePhoto"
                  data-nimg="intrinsic"
                  decoding="async"
                  src="data:image/gif;base64,R0lGODlhAQABAIAAAAAAAP///yH5BAEAAAAALAAAAAABAAEAAAIBRAA7"
                  style="position: absolute; top: 0px; left: 0px; bottom: 0px; right: 0px; box-sizing: border-box; padding: 0px; margin: auto; display: block; width: 0px; height: 0px; min-width: 100%; max-width: 100%; min-height: 100%; max-height: 100%;"
                />
                <noscript />
              </span>
            </div>
            <div
              class="bioContainer MuiBox-root css-0"
            >
              <h2
                class="MuiTypography-root MuiTypography-h2 doctorNameAppointment css-1i5ehwd-MuiTypography-root"
              >
                Paul Wagner, MD
              </h2>
              <p
                class="MuiTypography-root MuiTypography-body2 address css-e784if-MuiTypography-root"
              >
                51 West 51st Street, 
                        Floor 3, Suite 320
                        Midtown, New York, NY, 10019
              </p>
              <div
                class="phoneContainer MuiBox-root css-0"
              >
                <span
                  aria-label="3.5 Stars"
                  class="MuiRating-root MuiRating-sizeSmall MuiRating-readyOnly css-x48yct-MuiRating-root"
                  role="img"
                >
                  <span
                    class="MuiRating-decimal css-34he1w-MuiRating-decimal"
                  >
                    <span
                      style="width: 0%; overflow: hidden; position: absolute;"
                    >
                      <span
                        class="MuiRating-icon MuiRating-iconFilled css-7qmtgc-MuiRating-icon"
                      >
                        <svg
                          aria-hidden="true"
                          class="MuiSvgIcon-root MuiSvgIcon-fontSizeInherit css-1vooibu-MuiSvgIcon-root"
                          data-testid="StarIcon"
                          focusable="false"
                          viewBox="0 0 24 24"
                        >
                          <path
                            d="M12 17.27 18.18 21l-1.64-7.03L22 9.24l-7.19-.61L12 2 9.19 8.63 2 9.24l5.46 4.73L5.82 21z"
                          />
                        </svg>
                      </span>
                    </span>
                    <span>
                      <span
                        class="MuiRating-icon MuiRating-iconFilled css-7qmtgc-MuiRating-icon"
                      >
                        <svg
                          aria-hidden="true"
                          class="MuiSvgIcon-root MuiSvgIcon-fontSizeInherit css-1vooibu-MuiSvgIcon-root"
                          data-testid="StarIcon"
                          focusable="false"
                          viewBox="0 0 24 24"
                        >
                          <path
                            d="M12 17.27 18.18 21l-1.64-7.03L22 9.24l-7.19-.61L12 2 9.19 8.63 2 9.24l5.46 4.73L5.82 21z"
                          />
                        </svg>
                      </span>
                    </span>
                  </span>
                  <span
                    class="MuiRating-decimal css-34he1w-MuiRating-decimal"
                  >
                    <span
                      style="width: 0%; overflow: hidden; position: absolute;"
                    >
                      <span
                        class="MuiRating-icon MuiRating-iconFilled css-7qmtgc-MuiRating-icon"
                      >
                        <svg
                          aria-hidden="true"
                          class="MuiSvgIcon-root MuiSvgIcon-fontSizeInherit css-1vooibu-MuiSvgIcon-root"
                          data-testid="StarIcon"
                          focusable="false"
                          viewBox="0 0 24 24"
                        >
                          <path
                            d="M12 17.27 18.18 21l-1.64-7.03L22 9.24l-7.19-.61L12 2 9.19 8.63 2 9.24l5.46 4.73L5.82 21z"
                          />
                        </svg>
                      </span>
                    </span>
                    <span>
                      <span
                        class="MuiRating-icon MuiRating-iconFilled css-7qmtgc-MuiRating-icon"
                      >
                        <svg
                          aria-hidden="true"
                          class="MuiSvgIcon-root MuiSvgIcon-fontSizeInherit css-1vooibu-MuiSvgIcon-root"
                          data-testid="StarIcon"
                          focusable="false"
                          viewBox="0 0 24 24"
                        >
                          <path
                            d="M12 17.27 18.18 21l-1.64-7.03L22 9.24l-7.19-.61L12 2 9.19 8.63 2 9.24l5.46 4.73L5.82 21z"
                          />
                        </svg>
                      </span>
                    </span>
                  </span>
                  <span
                    class="MuiRating-decimal css-34he1w-MuiRating-decimal"
                  >
                    <span
                      style="width: 0%; overflow: hidden; position: absolute;"
                    >
                      <span
                        class="MuiRating-icon MuiRating-iconFilled css-7qmtgc-MuiRating-icon"
                      >
                        <svg
                          aria-hidden="true"
                          class="MuiSvgIcon-root MuiSvgIcon-fontSizeInherit css-1vooibu-MuiSvgIcon-root"
                          data-testid="StarIcon"
                          focusable="false"
                          viewBox="0 0 24 24"
                        >
                          <path
                            d="M12 17.27 18.18 21l-1.64-7.03L22 9.24l-7.19-.61L12 2 9.19 8.63 2 9.24l5.46 4.73L5.82 21z"
                          />
                        </svg>
                      </span>
                    </span>
                    <span>
                      <span
                        class="MuiRating-icon MuiRating-iconFilled css-7qmtgc-MuiRating-icon"
                      >
                        <svg
                          aria-hidden="true"
                          class="MuiSvgIcon-root MuiSvgIcon-fontSizeInherit css-1vooibu-MuiSvgIcon-root"
                          data-testid="StarIcon"
                          focusable="false"
                          viewBox="0 0 24 24"
                        >
                          <path
                            d="M12 17.27 18.18 21l-1.64-7.03L22 9.24l-7.19-.61L12 2 9.19 8.63 2 9.24l5.46 4.73L5.82 21z"
                          />
                        </svg>
                      </span>
                    </span>
                  </span>
                  <span
                    class="MuiRating-decimal css-34he1w-MuiRating-decimal"
                  >
                    <span
                      style="width: 50%; overflow: hidden; position: absolute;"
                    >
                      <span
                        class="MuiRating-icon MuiRating-iconFilled css-7qmtgc-MuiRating-icon"
                      >
                        <svg
                          aria-hidden="true"
                          class="MuiSvgIcon-root MuiSvgIcon-fontSizeInherit css-1vooibu-MuiSvgIcon-root"
                          data-testid="StarIcon"
                          focusable="false"
                          viewBox="0 0 24 24"
                        >
                          <path
                            d="M12 17.27 18.18 21l-1.64-7.03L22 9.24l-7.19-.61L12 2 9.19 8.63 2 9.24l5.46 4.73L5.82 21z"
                          />
                        </svg>
                      </span>
                    </span>
                    <span>
                      <span
                        class="MuiRating-icon MuiRating-iconEmpty css-1c99szj-MuiRating-icon"
                      >
                        <svg
                          aria-hidden="true"
                          class="MuiSvgIcon-root MuiSvgIcon-fontSizeInherit css-1vooibu-MuiSvgIcon-root"
                          data-testid="StarIcon"
                          focusable="false"
                          viewBox="0 0 24 24"
                        >
                          <path
                            d="M12 17.27 18.18 21l-1.64-7.03L22 9.24l-7.19-.61L12 2 9.19 8.63 2 9.24l5.46 4.73L5.82 21z"
                          />
                        </svg>
                      </span>
                    </span>
                  </span>
                  <span
                    class="MuiRating-decimal css-34he1w-MuiRating-decimal"
                  >
                    <span
                      style="width: 0%; overflow: hidden; position: absolute;"
                    >
                      <span
                        class="MuiRating-icon MuiRating-iconEmpty css-1c99szj-MuiRating-icon"
                      >
                        <svg
                          aria-hidden="true"
                          class="MuiSvgIcon-root MuiSvgIcon-fontSizeInherit css-1vooibu-MuiSvgIcon-root"
                          data-testid="StarIcon"
                          focusable="false"
                          viewBox="0 0 24 24"
                        >
                          <path
                            d="M12 17.27 18.18 21l-1.64-7.03L22 9.24l-7.19-.61L12 2 9.19 8.63 2 9.24l5.46 4.73L5.82 21z"
                          />
                        </svg>
                      </span>
                    </span>
                    <span>
                      <span
                        class="MuiRating-icon MuiRating-iconEmpty css-1c99szj-MuiRating-icon"
                      >
                        <svg
                          aria-hidden="true"
                          class="MuiSvgIcon-root MuiSvgIcon-fontSizeInherit css-1vooibu-MuiSvgIcon-root"
                          data-testid="StarIcon"
                          focusable="false"
                          viewBox="0 0 24 24"
                        >
                          <path
                            d="M12 17.27 18.18 21l-1.64-7.03L22 9.24l-7.19-.61L12 2 9.19 8.63 2 9.24l5.46 4.73L5.82 21z"
                          />
                        </svg>
                      </span>
                    </span>
                  </span>
                </span>
                <p
                  class="MuiTypography-root MuiTypography-body2 phone css-e784if-MuiTypography-root"
                >
                  (857) 299-9989
                </p>
              </div>
            </div>
          </div>
          <div
            class="MuiBox-root css-0"
          >
            <div
              class="MuiBox-root css-0"
            >
              <h6
                class="MuiTypography-root MuiTypography-subtitle1 specialistTitle css-10wpov9-MuiTypography-root"
              >
                Specialties and Sub-specialties:
                 
              </h6>
              <ul
                class="specialistList"
              >
                <li>
                  <p
                    class="MuiTypography-root MuiTypography-body2 css-e784if-MuiTypography-root"
                  >
                    Opthometry
                  </p>
                </li>
                <li>
                  <p
                    class="MuiTypography-root MuiTypography-body2 css-e784if-MuiTypography-root"
                  >
                    Opthalmology
                  </p>
                </li>
                <li>
                  <p
                    class="MuiTypography-root MuiTypography-body2 css-e784if-MuiTypography-root"
                  >
                    Catarac
                  </p>
                </li>
                <li>
                  <p
                    class="MuiTypography-root MuiTypography-body2 newColumn css-e784if-MuiTypography-root"
                  >
                    Glaucoma
                  </p>
                </li>
              </ul>
            </div>
          </div>
        </div>
      </div>
      <div
        class="MuiGrid-root MuiGrid-item MuiGrid-grid-xs-2 css-1o7apob-MuiGrid-root"
      >
        <div
          class="MuiBox-root css-18914rm"
        >
          <div
            class="MuiBox-root css-1y0phqd"
          >
            <svg
              aria-hidden="true"
              class="MuiSvgIcon-root MuiSvgIcon-fontSizeMedium css-4po2q6-MuiSvgIcon-root"
              data-testid="LocationOnIcon"
              focusable="false"
              viewBox="0 0 24 24"
            >
              <path
                d="M12 2C8.13 2 5 5.13 5 9c0 5.25 7 13 7 13s7-7.75 7-13c0-3.87-3.13-7-7-7zm0 9.5c-1.38 0-2.5-1.12-2.5-2.5s1.12-2.5 2.5-2.5 2.5 1.12 2.5 2.5-1.12 2.5-2.5 2.5z"
              />
            </svg>
            <span
              class="MuiTypography-root MuiTypography-body2 css-1y4erkl-MuiTypography-root"
            >
              10 ml
            </span>
          </div>
          <div
            class="MuiBox-root css-8vwnr2"
          >
            <svg
              aria-hidden="true"
              class="MuiSvgIcon-root MuiSvgIcon-fontSizeMedium css-1yl5eoc-MuiSvgIcon-root"
              data-testid="DirectionsIcon"
              focusable="false"
              viewBox="0 0 24 24"
            >
              <path
                d="m21.71 11.29-9-9a.9959.9959 0 0 0-1.41 0l-9 9c-.39.39-.39 1.02 0 1.41l9 9c.39.39 1.02.39 1.41 0l9-9c.39-.38.39-1.01 0-1.41zM14 14.5V12h-4v3H8v-4c0-.55.45-1 1-1h5V7.5l3.5 3.5-3.5 3.5z"
              />
            </svg>
          </div>
        </div>
      </div>
      <div
        class="MuiGrid-root MuiGrid-item MuiGrid-grid-xs-5 css-k3f0g4-MuiGrid-root"
      >
        <div
          class="MuiBox-root css-113w06v"
        >
          <div
            class="MuiBox-root css-z0jma8"
          >
            <button
              class="MuiButton-root MuiButton-contained MuiButton-containedPrimary MuiButton-sizeMedium MuiButton-containedSizeMedium MuiButtonBase-root customButton customButtonSmall  css-mn6rr9-MuiButtonBase-root-MuiButton-root"
              tabindex="0"
              type="submit"
            >
              13.25 Am
              <span
                class="MuiTouchRipple-root css-8je8zh-MuiTouchRipple-root"
              />
            </button>
          </div>
          <div
            class="MuiBox-root css-1a2yx20"
          >
            <button
              class="MuiButton-root MuiButton-contained MuiButton-containedPrimary MuiButton-sizeMedium MuiButton-containedSizeMedium MuiButtonBase-root customButton customButtonSmall  css-mn6rr9-MuiButtonBase-root-MuiButton-root"
              tabindex="0"
              type="submit"
            >
              13.25 Am
              <span
                class="MuiTouchRipple-root css-8je8zh-MuiTouchRipple-root"
              />
            </button>
          </div>
          <div
            class="MuiBox-root css-13f4wu2"
          >
            <button
              class="MuiButton-root MuiButton-contained MuiButton-containedPrimary MuiButton-sizeMedium MuiButton-containedSizeMedium MuiButtonBase-root customButton customButtonSmall  css-mn6rr9-MuiButtonBase-root-MuiButton-root"
              tabindex="0"
              type="submit"
            >
              13.25 Am
              <span
                class="MuiTouchRipple-root css-8je8zh-MuiTouchRipple-root"
              />
            </button>
          </div>
          <div
            class="MuiBox-root css-1dix6uz"
          >
            <button
              class="MuiButton-root MuiButton-contained MuiButton-containedPrimary MuiButton-sizeMedium MuiButton-containedSizeMedium MuiButtonBase-root customButton customButtonSmall  css-mn6rr9-MuiButtonBase-root-MuiButton-root"
              tabindex="0"
              type="submit"
            >
              13.25 Am
              <span
                class="MuiTouchRipple-root css-8je8zh-MuiTouchRipple-root"
              />
            </button>
          </div>
          <div
            class="MuiBox-root css-jhayhv"
          >
            <button
              class="MuiButton-root MuiButton-contained MuiButton-containedPrimary MuiButton-sizeMedium MuiButton-containedSizeMedium MuiButtonBase-root customButton customButtonSmall  css-mn6rr9-MuiButtonBase-root-MuiButton-root"
              tabindex="0"
              type="submit"
            >
              13.25 Am
              <span
                class="MuiTouchRipple-root css-8je8zh-MuiTouchRipple-root"
              />
            </button>
          </div>
          <div
            class="MuiBox-root css-bny4hd"
          >
            <button
              class="MuiButton-root MuiButton-contained MuiButton-containedPrimary MuiButton-sizeMedium MuiButton-containedSizeMedium MuiButtonBase-root customButton customButtonSmall  css-mn6rr9-MuiButtonBase-root-MuiButton-root"
              tabindex="0"
              type="submit"
            >
              13.25 Am
              <span
                class="MuiTouchRipple-root css-8je8zh-MuiTouchRipple-root"
              />
            </button>
          </div>
          <div
            class="MuiBox-root css-18ywak8"
          >
            <button
              class="MuiButton-root MuiButton-contained MuiButton-containedPrimary MuiButton-sizeMedium MuiButton-containedSizeMedium MuiButtonBase-root customButton customButtonSmall  css-mn6rr9-MuiButtonBase-root-MuiButton-root"
              tabindex="0"
              type="submit"
            >
              13.25 Am
              <span
                class="MuiTouchRipple-root css-8je8zh-MuiTouchRipple-root"
              />
            </button>
          </div>
          <div
            class="MuiBox-root css-wzv4f3"
          >
            <button
              class="MuiButton-root MuiButton-contained MuiButton-containedPrimary MuiButton-sizeMedium MuiButton-containedSizeMedium MuiButtonBase-root customButton customButtonSmall  css-mn6rr9-MuiButtonBase-root-MuiButton-root"
              tabindex="0"
              type="submit"
            >
              13.25 Am
              <span
                class="MuiTouchRipple-root css-8je8zh-MuiTouchRipple-root"
              />
            </button>
          </div>
          <div
            class="MuiBox-root css-pqaf01"
          >
            <button
              class="MuiButton-root MuiButton-contained MuiButton-containedPrimary MuiButton-sizeMedium MuiButton-containedSizeMedium MuiButtonBase-root customButton customButtonSmall  css-mn6rr9-MuiButtonBase-root-MuiButton-root"
              tabindex="0"
              type="submit"
            >
              13.25 Am
              <span
                class="MuiTouchRipple-root css-8je8zh-MuiTouchRipple-root"
              />
            </button>
          </div>
          <div
            class="MuiBox-root css-h954z9"
          >
            <button
              class="MuiButton-root MuiButton-contained MuiButton-containedPrimary MuiButton-sizeMedium MuiButton-containedSizeMedium MuiButtonBase-root customButton customButtonSmall  css-mn6rr9-MuiButtonBase-root-MuiButton-root"
              tabindex="0"
              type="submit"
            >
              13.25 Am
              <span
                class="MuiTouchRipple-root css-8je8zh-MuiTouchRipple-root"
              />
            </button>
          </div>
          <div
            class="MuiBox-root css-1zohb2"
          >
            <button
              class="MuiButton-root MuiButton-contained MuiButton-containedPrimary MuiButton-sizeMedium MuiButton-containedSizeMedium MuiButtonBase-root customButton customButtonSmall  css-mn6rr9-MuiButtonBase-root-MuiButton-root"
              tabindex="0"
              type="submit"
            >
              13.25 Am
              <span
                class="MuiTouchRipple-root css-8je8zh-MuiTouchRipple-root"
              />
            </button>
          </div>
          <div
            class="MuiBox-root css-1vmavmm"
          >
            <button
              class="MuiButton-root MuiButton-contained MuiButton-containedPrimary MuiButton-sizeMedium MuiButton-containedSizeMedium MuiButtonBase-root customButton customButtonSmall  css-mn6rr9-MuiButtonBase-root-MuiButton-root"
              tabindex="0"
              type="submit"
            >
              13.25 Am
              <span
                class="MuiTouchRipple-root css-8je8zh-MuiTouchRipple-root"
              />
            </button>
          </div>
          <div
            class="MuiBox-root css-1eap1cz"
          >
            <a
              class="MuiTypography-root MuiTypography-inherit MuiLink-root MuiLink-underlineAlways css-1ps4owl-MuiTypography-root-MuiLink-root"
              href="#"
            >
              View all Availability
            </a>
          </div>
        </div>
      </div>
    </div>
  </div>,
  "debug": [Function],
  "findAllByAltText": [Function],
  "findAllByDisplayValue": [Function],
  "findAllByLabelText": [Function],
  "findAllByPlaceholderText": [Function],
  "findAllByRole": [Function],
  "findAllByTestId": [Function],
  "findAllByText": [Function],
  "findAllByTitle": [Function],
  "findByAltText": [Function],
  "findByDisplayValue": [Function],
  "findByLabelText": [Function],
  "findByPlaceholderText": [Function],
  "findByRole": [Function],
  "findByTestId": [Function],
  "findByText": [Function],
  "findByTitle": [Function],
  "getAllByAltText": [Function],
  "getAllByDisplayValue": [Function],
  "getAllByLabelText": [Function],
  "getAllByPlaceholderText": [Function],
  "getAllByRole": [Function],
  "getAllByTestId": [Function],
  "getAllByText": [Function],
  "getAllByTitle": [Function],
  "getByAltText": [Function],
  "getByDisplayValue": [Function],
  "getByLabelText": [Function],
  "getByPlaceholderText": [Function],
  "getByRole": [Function],
  "getByTestId": [Function],
  "getByText": [Function],
  "getByTitle": [Function],
  "queryAllByAltText": [Function],
  "queryAllByDisplayValue": [Function],
  "queryAllByLabelText": [Function],
  "queryAllByPlaceholderText": [Function],
  "queryAllByRole": [Function],
  "queryAllByTestId": [Function],
  "queryAllByText": [Function],
  "queryAllByTitle": [Function],
  "queryByAltText": [Function],
  "queryByDisplayValue": [Function],
  "queryByLabelText": [Function],
  "queryByPlaceholderText": [Function],
  "queryByRole": [Function],
  "queryByTestId": [Function],
  "queryByText": [Function],
  "queryByTitle": [Function],
  "rerender": [Function],
  "unmount": [Function],
}
`;
