// Jest Snapshot v1, https://goo.gl/fbAQLP

exports[`StyledInput renders input components with type text 1`] = `
<div>
  <div
    style="display: block;"
  >
    <h3
      class="MuiTypography-root MuiTypography-h3 css-uikuk4-MuiTypography-root"
    >
      Contain at least 3 our of 4 types
    </h3>
  </div>
</div>
`;
